// Jest Snapshot v1, https://goo.gl/fbAQLP

exports[`helpers API check what methods are exported in the helpers modules 1`] = `
Object {
  "assign": [Function],
  "createAccumulator": [Function],
  "createEntity": [Function],
  "createReducer": [Function],
  "createReducerResolver": [Function],
  "entityFactories": Object {
    "Collection": [Function],
    "Control": [Function],
    "Entry": [Function],
    "Hash": [Function],
    "Model": [Function],
    "Reducer": [Function],
    "Request": [Function],
    "Schema": [Function],
  },
  "getUID": [Function],
  "helpers": Object {
    "assign": [Function],
    "constant": [Function],
    "filter": [Function],
    "find": [Function],
    "map": [Function],
    "omit": [Function],
    "parallel": [Function],
    "pick": [Function],
    "withDefault": [Function],
  },
  "inspect": [Function],
  "inspectProperties": [Function],
  "isFalsy": [Function],
  "isReducer": [Function],
  "mockReducer": [Function],
  "reducify": [Function],
  "reducifyAll": [Function],
  "resolveEntity": [Function],
  "set": [Function],
  "typeOf": [Function],
  "validateEntityModifiers": [Function],
}
`;

exports[`inspectProperties It should add indent to keys 1`] = `
"  - a: 1
  - b: true
"
`;

exports[`inspectProperties It should inspect each property 1`] = `
"- a: 1
- b: { a: true,
  b: false }
"
`;
